// Jest Snapshot v1, https://goo.gl/fbAQLP

exports[`c-final-theme-engine robustness & determinism full-theme snapshot — any change here is a deliberate contract event 1`] = `
{
  "--c-accent": "#0f766e",
  "--c-content-bg": "#fffdf8",
  "--c-content-bg-gradient": "none",
  "--c-content-border": "1px solid #dcdad4",
  "--c-content-shadow": "0 8px 24px rgba(15, 23, 42, 0.08)",
  "--c-control-h": "44px",
  "--c-field-bg": "#ffffff",
  "--c-field-border": "#bdbbb5",
  "--c-field-error": "#b42318",
  "--c-field-focus": "#0f766e",
  "--c-field-required": "#b42318",
  "--c-focus-ring": "0 0 0 3px rgba(15, 118, 110, 0.32)",
  "--c-font-body": "-apple-system, 'Segoe UI', Roboto, Helvetica, Arial, sans-serif",
  "--c-font-display": "Georgia, 'Iowan Old Style', 'Times New Roman', serif",
  "--c-fx-mesh-1": "none",
  "--c-fx-mesh-2": "none",
  "--c-fx-mesh-3": "none",
  "--c-fx-texture": "none",
  "--c-glass-blur": "0px",
  "--c-header-bg": "transparent",
  "--c-header-bg-gradient": "none",
  "--c-header-text": "#232019",
  "--c-header-text-weak": "#6f6a5e",
  "--c-input-bg": "#ffffff",
  "--c-input-border-color": "#bdbbb5",
  "--c-input-shadow": "none",
  "--c-input-shadow-focus": "0 0 0 3px rgba(15, 118, 110, 0.32)",
  "--c-label-align": "stretch",
  "--c-label-basis": "none",
  "--c-label-color": "#232019",
  "--c-label-flow": "column",
  "--c-label-gap": "0px",
  "--c-label-mb": "4px",
  "--c-label-size": "0.8125rem",
  "--c-label-tracking": "normal",
  "--c-label-transform": "none",
  "--c-label-weight": "600",
  "--c-on-accent": "#ffffff",
  "--c-page-bg": "#f6f4ee",
  "--c-page-bg-gradient": "none",
  "--c-page-bg-image": "none",
  "--c-page-bg-position": "center",
  "--c-page-bg-repeat": "no-repeat",
  "--c-page-bg-size": "cover",
  "--c-page-scrim": "none",
  "--c-page-veil": "none",
  "--c-radius": "8px",
  "--c-section-pad": "20px",
  "--c-space-1": "4px",
  "--c-space-2": "8px",
  "--c-space-3": "12px",
  "--c-space-4": "16px",
  "--c-space-5": "24px",
  "--c-space-6": "32px",
  "--c-submit-bg": "#0f766e",
  "--c-submit-text": "#ffffff",
  "--c-text": "#232019",
  "--c-text-weak": "#6f6a5e",
}
`;
